// Jest Snapshot v1, https://goo.gl/fbAQLP

exports[`.parse() zod deserialises response_format 1`] = `
"{
  "id": "chatcmpl-9uLhvwLPvKOZoJ7hwaa666fYuxYif",
  "object": "chat.completion",
  "created": 1723216839,
  "model": "gpt-4o-2024-08-06",
  "choices": [
    {
      "index": 0,
      "message": {
        "role": "assistant",
        "content": "{\\"city\\":\\"San Francisco\\",\\"units\\":\\"c\\"}",
        "refusal": null
      },
      "logprobs": null,
      "finish_reason": "stop"
    }
  ],
  "usage": {
    "prompt_tokens": 17,
    "completion_tokens": 10,
    "total_tokens": 27
  },
  "system_fingerprint": "fp_2a322c9ffc"
}
"
`;

exports[`.parse() zod merged schemas 2`] = `
"{
  "id": "chatcmpl-9uLi0HJ6HYH0FM1VI1N6XCREiGvX1",
  "object": "chat.completion",
  "created": 1723216844,
  "model": "gpt-4o-2024-08-06",
  "choices": [
    {
      "index": 0,
      "message": {
        "role": "assistant",
        "content": "{\\"person1\\":{\\"name\\":\\"Jane Doe\\",\\"phone_number\\":\\".\\",\\"roles\\":[\\"other\\"],\\"description\\":\\"Engineer at OpenAI, born Nov 16, contact email: jane@openai.com\\"},\\"person2\\":{\\"name\\":\\"John Smith\\",\\"phone_number\\":\\"john@openai.com\\",\\"differentField\\":\\"Engineer at OpenAI, born March 1.\\"}}",
        "refusal": null
      },
      "logprobs": null,
      "finish_reason": "stop"
    }
  ],
  "usage": {
    "prompt_tokens": 61,
    "completion_tokens": 72,
    "total_tokens": 133
  },
  "system_fingerprint": "fp_2a322c9ffc"
}
"
`;

exports[`.parse() zod nested schema extraction 2`] = `
"{
  "id": "chatcmpl-9uLi6hkH6VcoaYiNEzy3h56QRAyns",
  "object": "chat.completion",
  "created": 1723216850,
  "model": "gpt-4o-2024-08-06",
  "choices": [
    {
      "index": 0,
      "message": {
        "role": "assistant",
        "content": "{\\"name\\":\\"TodoApp\\",\\"fields\\":[{\\"type\\":\\"string\\",\\"name\\":\\"taskId\\",\\"metadata\\":{\\"foo\\":\\"unique identifier for each task\\"}},{\\"type\\":\\"string\\",\\"name\\":\\"title\\",\\"metadata\\":{\\"foo\\":\\"title of the task\\"}},{\\"type\\":\\"string\\",\\"name\\":\\"description\\",\\"metadata\\":{\\"foo\\":\\"detailed description of the task. This is optional.\\"}},{\\"type\\":\\"string\\",\\"name\\":\\"status\\",\\"metadata\\":{\\"foo\\":\\"status of the task, e.g., pending, completed, etc.\\"}},{\\"type\\":\\"string\\",\\"name\\":\\"dueDate\\",\\"metadata\\":null},{\\"type\\":\\"string\\",\\"name\\":\\"priority\\",\\"metadata\\":{\\"foo\\":\\"priority level of the task, e.g., low, medium, high\\"}},{\\"type\\":\\"string\\",\\"name\\":\\"creationDate\\",\\"metadata\\":{\\"foo\\":\\"date when the task was created\\"}},{\\"type\\":\\"string\\",\\"name\\":\\"lastModifiedDate\\",\\"metadata\\":{\\"foo\\":\\"date when the task was last modified\\"}},{\\"type\\":\\"string\\",\\"name\\":\\"tags\\",\\"metadata\\":{\\"foo\\":\\"tags associated with the task, for categorization\\"}}]}",
        "refusal": null
      },
      "logprobs": null,
      "finish_reason": "stop"
    }
  ],
  "usage": {
    "prompt_tokens": 36,
    "completion_tokens": 208,
    "total_tokens": 244
  },
  "system_fingerprint": "fp_2a322c9ffc"
}
"
`;

exports[`.parse() zod recursive schema extraction 2`] = `
"{
  "id": "chatcmpl-9vdbw9dekyUSEsSKVQDhTxA2RCxcK",
  "object": "chat.completion",
  "created": 1723523988,
  "model": "gpt-4o-2024-08-06",
  "choices": [
    {
      "index": 0,
      "message": {
        "role": "assistant",
        "content": "{\\"linked_list\\":{\\"value\\":1,\\"next\\":{\\"value\\":2,\\"next\\":{\\"value\\":3,\\"next\\":{\\"value\\":4,\\"next\\":{\\"value\\":5,\\"next\\":null}}}}}}",
        "refusal": null
      },
      "logprobs": null,
      "finish_reason": "stop"
    }
  ],
  "usage": {
    "prompt_tokens": 40,
    "completion_tokens": 38,
    "total_tokens": 78
  },
  "system_fingerprint": "fp_2a322c9ffc"
}
"
`;

exports[`.parse() zod ref schemas with \`.transform()\` 2`] = `
"{
  "id": "chatcmpl-A6zyLEtubMlUvGplOmr92S0mK0kiG",
  "object": "chat.completion",
  "created": 1726231553,
  "model": "gpt-4o-2024-08-06",
  "choices": [
    {
      "index": 0,
      "message": {
        "role": "assistant",
        "content": "{\\"first\\":{\\"baz\\":true},\\"second\\":{\\"baz\\":false}}",
        "refusal": null
      },
      "logprobs": null,
      "finish_reason": "stop"
    }
  ],
  "usage": {
    "prompt_tokens": 167,
    "completion_tokens": 13,
    "total_tokens": 180,
    "completion_tokens_details": {
      "reasoning_tokens": 0
    }
  },
  "system_fingerprint": "fp_143bb8492c"
}
"
`;

exports[`.parse() zod top-level recursive schemas 1`] = `
"{
  "id": "chatcmpl-9uLhw79ArBF4KsQQOlsoE68m6vh6v",
  "object": "chat.completion",
  "created": 1723216840,
  "model": "gpt-4o-2024-08-06",
  "choices": [
    {
      "index": 0,
      "message": {
        "role": "assistant",
        "content": "{\\"type\\":\\"form\\",\\"label\\":\\"User Profile Form\\",\\"children\\":[{\\"type\\":\\"field\\",\\"label\\":\\"First Name\\",\\"children\\":[],\\"attributes\\":[{\\"name\\":\\"type\\",\\"value\\":\\"text\\"},{\\"name\\":\\"name\\",\\"value\\":\\"firstName\\"},{\\"name\\":\\"placeholder\\",\\"value\\":\\"Enter your first name\\"}]},{\\"type\\":\\"field\\",\\"label\\":\\"Last Name\\",\\"children\\":[],\\"attributes\\":[{\\"name\\":\\"type\\",\\"value\\":\\"text\\"},{\\"name\\":\\"name\\",\\"value\\":\\"lastName\\"},{\\"name\\":\\"placeholder\\",\\"value\\":\\"Enter your last name\\"}]},{\\"type\\":\\"field\\",\\"label\\":\\"Email Address\\",\\"children\\":[],\\"attributes\\":[{\\"name\\":\\"type\\",\\"value\\":\\"email\\"},{\\"name\\":\\"name\\",\\"value\\":\\"email\\"},{\\"name\\":\\"placeholder\\",\\"value\\":\\"Enter your email address\\"}]},{\\"type\\":\\"button\\",\\"label\\":\\"Submit\\",\\"children\\":[],\\"attributes\\":[{\\"name\\":\\"type\\",\\"value\\":\\"submit\\"}]}],\\"attributes\\":[]}",
        "refusal": null
      },
      "logprobs": null,
      "finish_reason": "stop"
    }
  ],
  "usage": {
    "prompt_tokens": 38,
    "completion_tokens": 175,
    "total_tokens": 213
  },
  "system_fingerprint": "fp_845eaabc1f"
}
"
`;
